[olympe-de-gouges-ein-vor-uavx5h6.gamma.site/index.html]
[backblue.gif]
[fade.gif]
[index.html]
[assets.gammahosted.com/ftjr2j5y9/_next/static/css/aed3c8fa493ca0ec.css]
[assets.gammahosted.com/ftjr2j5y9/_next/static/css/c5909dc245a8df8d.css]
[assets.gammahosted.com/ftjr2j5y9/_next/static/chunks/polyfills-42372ed130431b0a.js]
[assets.gammahosted.com/ftjr2j5y9/_next/static/chunks/webpack-2bff189a08497a2c.js]
[assets.gammahosted.com/ftjr2j5y9/_next/static/chunks/framework-89ee881bc4e530f4.js]
[assets.gammahosted.com/ftjr2j5y9/_next/static/chunks/main-14b2affc53fb594b.js]
[assets.gammahosted.com/ftjr2j5y9/_next/static/chunks/pages/_app-0cba0bcf78ff4771.js]
[assets.gammahosted.com/ftjr2j5y9/_next/static/chunks/5adc83ef-bcbc74c04583414c.js]
[assets.gammahosted.com/ftjr2j5y9/_next/static/chunks/93656207-6962d937f42f86aa.js]
[assets.gammahosted.com/ftjr2j5y9/_next/static/chunks/69bd6bf3-88c746692a1d8773.js]
[assets.gammahosted.com/ftjr2j5y9/_next/static/chunks/b4d7d80c-dc26c0450c1621b0.js]
[assets.gammahosted.com/ftjr2j5y9/_next/static/chunks/ad54e6ef-55f87a7c41967537.js]
[assets.gammahosted.com/ftjr2j5y9/_next/static/chunks/8c469d57-01270d564a0c2de6.js]
[assets.gammahosted.com/ftjr2j5y9/_next/static/chunks/2edb282b-c727a725ba9cab5d.js]
[assets.gammahosted.com/ftjr2j5y9/_next/static/chunks/998ccc15-d28324c84824644b.js]
[assets.gammahosted.com/ftjr2j5y9/_next/static/chunks/b13ba9de-693ee4b2b0cb0b28.js]
[assets.gammahosted.com/ftjr2j5y9/_next/static/chunks/91bbf309-5c179abc252f882a.js]
[assets.gammahosted.com/ftjr2j5y9/_next/static/chunks/b155a556-6148ef733345726d.js]
[assets.gammahosted.com/ftjr2j5y9/_next/static/chunks/d08a6a05-cd94e662b24272fc.js]
[assets.gammahosted.com/ftjr2j5y9/_next/static/chunks/9b583bcd-e94a9f27afcc219c.js]
[assets.gammahosted.com/ftjr2j5y9/_next/static/chunks/1035ef44-a82a0e0646431fa5.js]
[assets.gammahosted.com/ftjr2j5y9/_next/static/chunks/b779bb5e-2c5b28feb2f04471.js]
[assets.gammahosted.com/ftjr2j5y9/_next/static/chunks/a29ae703-7accb437ac3a87e9.js]
[assets.gammahosted.com/ftjr2j5y9/_next/static/chunks/3645-cf2668d75ddd2ab5.js]
[assets.gammahosted.com/ftjr2j5y9/_next/static/chunks/4697-f11b7075717c1c50.js]
[assets.gammahosted.com/ftjr2j5y9/_next/static/chunks/pages/published/[docId]-87bd58dc644d8dad.js]
[assets.gammahosted.com/ftjr2j5y9/_next/static/nX72CCBcDFrSfc8m9nrMj/_buildManifest.js]
[assets.gammahosted.com/ftjr2j5y9/_next/static/nX72CCBcDFrSfc8m9nrMj/_ssgManifest.js]
[olympe-de-gouges-ein-vor-uavx5h6.gamma.site/syllab.ai]
[olympe-de-gouges-ein-vor-uavx5h6.gamma.site/index.html]
[assets.gammahosted.com/ftjr2j5y9/_next/static/css/aed3c8fa493ca0ec.css]
[assets.gammahosted.com/ftjr2j5y9/_next/static/css/c5909dc245a8df8d.css]
[imgproxy.gamma.app/resize/quality/resizing_type_fit/width_400/blur_50/https_/brewminate.com/wp-content/uploads/2020/04/042320-40-History-Art-England-Britain-Tea.jpg]
[imgproxy.gamma.app/resize/quality/resizing_type_fit/width_2000/https_/cdn.gamma.app/tl356qs37yzqtl2/3fa5a7df703c4b57a6f10070dd41917c/original/image.png]
[imgproxy.gamma.app/resize/quality/resizing_type_fit/width_1200/https_/cdn.gamma.app/tl356qs37yzqtl2/a7b1062070ea458da2cb70239f1fe76d/original/maxresdefault.jpg]
[olympe-de-gouges-ein-vor-uavx5h6.gamma.site/syllab.html]
